wall1     grass     grass     grass     grass     wall1     grass     grass     grass     grass     grass     grass     wall1     grass     grass     grass     grass     grass      
wall1     grass     grass     wall1     wall1     wall1     grass     grass     grass     grass     grass     wall1     grass     grass     grass     grass     grass     grass     
wall1     grass     wall1     grass     wall1     grass     wall1     grass     grass     grass     grass     wall1     grass     grass     grass     grass     grass     grass     
wall1     grass     grass     grass     wall1     grass     grass     grass     grass     grass     grass     wall1     grass     grass     grass     grass     grass     grass     
wall1     wall1     grass     grass     wall1     grass     grass     grass     grass     grass     grass     wall1     grass     grass     grass     grass     grass     grass     
wall1     grass     grass     grass     wall1     sand      sand      sand      grass     grass     grass     wall1     grass     grass     grass     grass     grass     grass     
wall1     grass     grass     sand      sand      sand      water     sand      grass     grass     grass     wall1     grass     grass     grass     grass     grass     grass     
wall1     grass     sand      water     sand      grass     sand      sand      grass     grass     grass     wall1     grass     grass     grass     grass     grass     grass     
wall1     sand      water     water     sand      grass     grass     grass     grass     grass     grass     grass     grass     grass     grass     grass     grass     grass     
wall1     grass     sand      water     sand      grass     grass     grass     grass     grass     grass     wall1     grass     grass     grass     grass     grass     grass     
wall1     grass     grass     sand      grass     grass     grass     grass     grass     grass     grass     wall1     grass     grass     grass     grass     grass     grass     
wall1     grass     grass     grass     grass     sand      sand      grass     grass     grass     grass     wall1     grass     grass     grass     grass     grass     grass     
wall1     grass     grass     grass     sand      water     water     grass     grass     grass     grass     wall1     grass     grass     grass     grass     grass     grass     
wall1     grass     grass     grass     sand      sand      sand      grass     grass     grass     grass     wall1     grass     grass     grass     grass     grass     grass     
wall1     grass     grass     grass     grass     grass     grass     grass     grass     grass     grass     wall1     grass     grass     grass     grass     grass     grass     
